{:redemptions=>[{:id=>"r_0f180d0fea4fdfbcb6", :object=>"redemption", :metadata=>nil, :redemption=>"r_0f180d0fe88fdfbcb5", :result=>"SUCCESS", :status=>"SUCCEEDED", :order=>{:id=>"ord_0f180d0e83cfdfbca2", :source_id=>nil, :amount=>20000, :total_amount=>20000, :metadata=>{}, :object=>"order"}, :voucher=>{:id=>"v_8gLJvYt2q9Pz50pnSetZsaXUQb9PtzSF", :code=>"PnyvuBtN", :campaign=>"SaiVqBfFY9", :campaign_id=>"camp_5gSptmfotY3EclDGqS6RWba8", :category_id=>nil, :type=>"DISCOUNT_VOUCHER", :discount=>{:type=>"AMOUNT", :amount_off=>1000.0}, :start_date=>nil, :expiration_date=>nil, :active=>true, :metadata=>{}, :is_referral_code=>false, :object=>"voucher", :redemption=>{:quantity=>nil, :redeemed_quantity=>1, :object=>"list"}}}, {:id=>"r_0f180d0fea4fdfbcb7", :object=>"redemption", :metadata=>nil, :redemption=>"r_0f180d0fe88fdfbcb5", :result=>"SUCCESS", :status=>"SUCCEEDED", :order=>{:id=>"ord_0f180d0e83cfdfbca2", :source_id=>nil, :amount=>20000, :total_amount=>20000, :metadata=>{}, :object=>"order"}, :voucher=>{:id=>"v_6FZF8o8LTKYoFw3mRI41yzvu36PJLQQo", :code=>"cmz2Nkaa", :campaign=>"SaiVqBfFY9", :campaign_id=>"camp_5gSptmfotY3EclDGqS6RWba8", :category_id=>nil, :type=>"DISCOUNT_VOUCHER", :discount=>{:type=>"AMOUNT", :amount_off=>1000.0}, :start_date=>nil, :expiration_date=>nil, :active=>true, :metadata=>{}, :is_referral_code=>false, :object=>"voucher", :redemption=>{:quantity=>nil, :redeemed_quantity=>1, :object=>"list"}}}, {:id=>"r_0f180d0fea4fdfbcb8", :object=>"redemption", :metadata=>nil, :redemption=>"r_0f180d0fe88fdfbcb5", :result=>"SUCCESS", :status=>"SUCCEEDED", :order=>{:id=>"ord_0f180d0e83cfdfbca2", :source_id=>nil, :amount=>20000, :total_amount=>20000, :metadata=>{}, :object=>"order"}, :voucher=>{:id=>"v_FbtbfHD057saKsjMvFjCvDpaCMW5d77a", :code=>"5xo3JxBl", :campaign=>"SaiVqBfFY9", :campaign_id=>"camp_5gSptmfotY3EclDGqS6RWba8", :category_id=>nil, :type=>"DISCOUNT_VOUCHER", :discount=>{:type=>"AMOUNT", :amount_off=>1000.0}, :start_date=>nil, :expiration_date=>nil, :active=>true, :metadata=>{}, :is_referral_code=>false, :object=>"voucher", :redemption=>{:quantity=>nil, :redeemed_quantity=>1, :object=>"list"}}}, {:id=>"r_0f180d0fea4fdfbcb9", :object=>"redemption", :metadata=>nil, :redemption=>"r_0f180d0fe88fdfbcb5", :result=>"SUCCESS", :status=>"SUCCEEDED", :order=>{:id=>"ord_0f180d0e83cfdfbca2", :source_id=>nil, :amount=>20000, :total_amount=>20000, :metadata=>{}, :object=>"order"}, :voucher=>{:id=>"v_6NYwJRY8YB9fsPi93qorNC3q1mabqBFY", :code=>"LCB6TAie", :campaign=>"SaiVqBfFY9", :campaign_id=>"camp_5gSptmfotY3EclDGqS6RWba8", :category_id=>nil, :type=>"DISCOUNT_VOUCHER", :discount=>{:type=>"AMOUNT", :amount_off=>1000.0}, :start_date=>nil, :expiration_date=>nil, :active=>true, :metadata=>{}, :is_referral_code=>false, :object=>"voucher", :redemption=>{:quantity=>nil, :redeemed_quantity=>1, :object=>"list"}}}, {:id=>"r_0f180d0fea4fdfbcba", :object=>"redemption", :metadata=>nil, :redemption=>"r_0f180d0fe88fdfbcb5", :result=>"SUCCESS", :status=>"SUCCEEDED", :order=>{:id=>"ord_0f180d0e83cfdfbca2", :source_id=>nil, :amount=>20000, :total_amount=>20000, :metadata=>{}, :object=>"order"}, :voucher=>{:id=>"v_rbwWO0bMfX8jJlT6CwdnvuCQ1tGZkFlm", :code=>"3DC9RrXl", :campaign=>"SaiVqBfFY9", :campaign_id=>"camp_5gSptmfotY3EclDGqS6RWba8", :category_id=>nil, :type=>"DISCOUNT_VOUCHER", :discount=>{:type=>"AMOUNT", :amount_off=>1000.0}, :start_date=>nil, :expiration_date=>nil, :active=>true, :metadata=>{}, :is_referral_code=>false, :object=>"voucher", :redemption=>{:quantity=>nil, :redeemed_quantity=>1, :object=>"list"}}}], :parent_redemption=>{:id=>"r_0f180d0fe88fdfbcb5", :object=>"redemption", :metadata=>nil, :result=>"SUCCESS", :status=>"SUCCEEDED", :order=>{:id=>"ord_0f180d0e83cfdfbca2", :source_id=>nil, :status=>"PAID", :amount=>20000, :total_amount=>20000, :applied_discount_amount=>0, :total_applied_discount_amount=>0, :metadata=>{}, :customer_id=>nil, :referrer_id=>nil, :object=>"order"}}, :order=>{:id=>"ord_0f180d0e83cfdfbca2", :source_id=>nil, :updated_at=>nil, :status=>"PAID", :amount=>20000, :total_amount=>20000, :applied_discount_amount=>0, :total_applied_discount_amount=>0, :metadata=>{}, :customer_id=>nil, :referrer_id=>nil, :object=>"order", :redemptions=>{"r_0f180d0fe88fdfbcb5"=>{:related_object_type=>"redemption", :related_object_id=>"r_0f180d0fe88fdfbcb5", :stacked=>["r_0f180d0fea4fdfbcb6", "r_0f180d0fea4fdfbcb7", "r_0f180d0fea4fdfbcb8", "r_0f180d0fea4fdfbcb9", "r_0f180d0fea4fdfbcba"]}}}, :inapplicable_redeemables=>[], :skipped_redeemables=>[{:status=>"SKIPPED", :id=>"mYTsuxo0", :object=>"voucher", :result=>{:details=>{:key=>"applicable_redeemables_limit_exceeded", :message=>"Applicable redeemables limit exceeded"}}, :metadata=>{}}, {:status=>"SKIPPED", :id=>"HCmZrNfC", :object=>"voucher", :result=>{:details=>{:key=>"applicable_redeemables_limit_exceeded", :message=>"Applicable redeemables limit exceeded"}}, :metadata=>{}}, {:status=>"SKIPPED", :id=>"N6IzKurB", :object=>"voucher", :result=>{:details=>{:key=>"applicable_redeemables_limit_exceeded", :message=>"Applicable redeemables limit exceeded"}}, :metadata=>{}}, {:status=>"SKIPPED", :id=>"kLc3iVVd", :object=>"voucher", :result=>{:details=>{:key=>"applicable_redeemables_limit_exceeded", :message=>"Applicable redeemables limit exceeded"}}, :metadata=>{}}, {:status=>"SKIPPED", :id=>"EolSpo8f", :object=>"voucher", :result=>{:details=>{:key=>"applicable_redeemables_limit_exceeded", :message=>"Applicable redeemables limit exceeded"}}, :metadata=>{}}, {:status=>"SKIPPED", :id=>"ONcMU2bf", :object=>"voucher", :result=>{:details=>{:key=>"applicable_redeemables_limit_exceeded", :message=>"Applicable redeemables limit exceeded"}}, :metadata=>{}}, {:status=>"SKIPPED", :id=>"rpo9Qyf2", :object=>"voucher", :result=>{:details=>{:key=>"applicable_redeemables_limit_exceeded", :message=>"Applicable redeemables limit exceeded"}}, :metadata=>{}}, {:status=>"SKIPPED", :id=>"pTWT8AQe", :object=>"voucher", :result=>{:details=>{:key=>"applicable_redeemables_limit_exceeded", :message=>"Applicable redeemables limit exceeded"}}, :metadata=>{}}, {:status=>"SKIPPED", :id=>"sB81WTw2", :object=>"voucher", :result=>{:details=>{:key=>"applicable_redeemables_limit_exceeded", :message=>"Applicable redeemables limit exceeded"}}, :metadata=>{}}, {:status=>"SKIPPED", :id=>"7AqLk0Ew", :object=>"voucher", :result=>{:details=>{:key=>"applicable_redeemables_limit_exceeded", :message=>"Applicable redeemables limit exceeded"}}, :metadata=>{}}, {:status=>"SKIPPED", :id=>"coXLqmtX", :object=>"voucher", :result=>{:details=>{:key=>"applicable_redeemables_limit_exceeded", :message=>"Applicable redeemables limit exceeded"}}, :metadata=>{}}, {:status=>"SKIPPED", :id=>"NdrAxwtR", :object=>"voucher", :result=>{:details=>{:key=>"applicable_redeemables_limit_exceeded", :message=>"Applicable redeemables limit exceeded"}}, :metadata=>{}}, {:status=>"SKIPPED", :id=>"x8eCGmSX", :object=>"voucher", :result=>{:details=>{:key=>"applicable_redeemables_limit_exceeded", :message=>"Applicable redeemables limit exceeded"}}, :metadata=>{}}, {:status=>"SKIPPED", :id=>"xtiJ6o7i", :object=>"voucher", :result=>{:details=>{:key=>"applicable_redeemables_limit_exceeded", :message=>"Applicable redeemables limit exceeded"}}, :metadata=>{}}, {:status=>"SKIPPED", :id=>"NFNxYthg", :object=>"voucher", :result=>{:details=>{:key=>"applicable_redeemables_limit_exceeded", :message=>"Applicable redeemables limit exceeded"}}, :metadata=>{}}, {:status=>"SKIPPED", :id=>"KHPkJJzc", :object=>"voucher", :result=>{:details=>{:key=>"applicable_redeemables_limit_exceeded", :message=>"Applicable redeemables limit exceeded"}}, :metadata=>{}}, {:status=>"SKIPPED", :id=>"sC2rx51l", :object=>"voucher", :result=>{:details=>{:key=>"applicable_redeemables_limit_exceeded", :message=>"Applicable redeemables limit exceeded"}}, :metadata=>{}}, {:status=>"SKIPPED", :id=>"15zPheKj", :object=>"voucher", :result=>{:details=>{:key=>"applicable_redeemables_limit_exceeded", :message=>"Applicable redeemables limit exceeded"}}, :metadata=>{}}, {:status=>"SKIPPED", :id=>"Ctd9QK5D", :object=>"voucher", :result=>{:details=>{:key=>"applicable_redeemables_limit_exceeded", :message=>"Applicable redeemables limit exceeded"}}, :metadata=>{}}, {:status=>"SKIPPED", :id=>"Upo8Au5X", :object=>"voucher", :result=>{:details=>{:key=>"applicable_redeemables_limit_exceeded", :message=>"Applicable redeemables limit exceeded"}}, :metadata=>{}}, {:status=>"SKIPPED", :id=>"fEPMRLin", :object=>"voucher", :result=>{:details=>{:key=>"applicable_redeemables_limit_exceeded", :message=>"Applicable redeemables limit exceeded"}}, :metadata=>{}}, {:status=>"SKIPPED", :id=>"YI7txEtd", :object=>"voucher", :result=>{:details=>{:key=>"applicable_redeemables_limit_exceeded", :message=>"Applicable redeemables limit exceeded"}}, :metadata=>{}}, {:status=>"SKIPPED", :id=>"Dyt4gzQi", :object=>"voucher", :result=>{:details=>{:key=>"applicable_redeemables_limit_exceeded", :message=>"Applicable redeemables limit exceeded"}}, :metadata=>{}}, {:status=>"SKIPPED", :id=>"E8iBxLj2", :object=>"voucher", :result=>{:details=>{:key=>"applicable_redeemables_limit_exceeded", :message=>"Applicable redeemables limit exceeded"}}, :metadata=>{}}, {:status=>"SKIPPED", :id=>"VNTKA4oK", :object=>"voucher", :result=>{:details=>{:key=>"applicable_redeemables_limit_exceeded", :message=>"Applicable redeemables limit exceeded"}}, :metadata=>{}}]}