{:redemptions=>[{:id=>"r_0f180c999a51028c1e", :object=>"redemption", :date=>2024-07-22 07:05:53.513 UTC, :metadata=>nil, :result=>"SUCCESS", :status=>"SUCCEEDED", :order=>{:id=>"ord_0f180c994ed1028c17", :source_id=>nil, :status=>"PAID", :amount=>20000, :total_amount=>20000, :applied_discount_amount=>0, :total_applied_discount_amount=>0, :metadata=>{}, :customer_id=>nil, :referrer_id=>nil, :object=>"order"}, :voucher=>{:id=>"v_B5u2zEUX75M0nGADR59zl5Ikd4qnxxeT", :code=>"AuNu9SnW", :campaign=>"7fqeLn4hzy", :campaign_id=>"camp_1s1GPkPitiPpG6QJjK744cJR", :category_id=>nil, :type=>"DISCOUNT_VOUCHER", :discount=>{:type=>"AMOUNT", :amount_off=>1000.0}, :start_date=>nil, :expiration_date=>nil, :active=>true, :metadata=>{}, :is_referral_code=>false, :updated_at=>2024-07-22 07:05:53.51 UTC, :holder_id=>"cust_FtKx3V0QZXUg2cSCQMjfZ9CH", :object=>"voucher", :redemption=>{:quantity=>nil, :redeemed_quantity=>1, :object=>"list"}}}], :order=>{:id=>"ord_0f180c994ed1028c17", :source_id=>nil, :created_at=>2024-07-22 07:05:53.499 UTC, :updated_at=>nil, :status=>"PAID", :amount=>20000, :total_amount=>20000, :applied_discount_amount=>0, :total_applied_discount_amount=>0, :metadata=>{}, :customer_id=>nil, :referrer_id=>nil, :object=>"order", :redemptions=>{"r_0f180c999a51028c1e"=>{:date=>2024-07-22 07:05:53.513 UTC, :related_object_type=>"voucher", :related_object_id=>"v_B5u2zEUX75M0nGADR59zl5Ikd4qnxxeT", :related_object_parent_id=>"camp_1s1GPkPitiPpG6QJjK744cJR"}}}, :inapplicable_redeemables=>[], :skipped_redeemables=>[]}