{:redeemables=>{:object=>"list", :data_ref=>"data", :data=>[{:id=>"camp_1Lkn0l8A3hqIywF87y26FSdh", :object=>"campaign", :created_at=>2024-07-23 12:39:32.374 UTC, :result=>{:loyalty_card=>{:points=>0, :balance=>1000}}, :order=>{:amount=>20000, :total_amount=>20000, :metadata=>{}, :customer_id=>nil, :referrer_id=>nil, :object=>"order"}, :applicable_to=>{:data=>[], :total=>0, :object=>"list", :data_ref=>"data"}, :inapplicable_to=>{:data=>[], :total=>0, :object=>"list", :data_ref=>"data"}}, {:id=>"camp_OQ2qSG9BtKPFlNNvlQkRPpEQ", :object=>"campaign", :created_at=>2024-07-23 12:39:32.197 UTC, :result=>{:discount=>{:type=>"AMOUNT", :amount_off=>1000.0, :effect=>"APPLY_TO_ITEMS", :is_dynamic=>false}}, :order=>{:amount=>20000, :total_amount=>20000, :metadata=>{}, :customer_id=>nil, :referrer_id=>nil, :object=>"order"}, :applicable_to=>{:data=>[{:object=>"product", :id=>"prod_0f19a28c2ac35fc4da", :strict=>false, :effect=>"APPLY_TO_EVERY"}], :total=>1, :object=>"list", :data_ref=>"data"}, :inapplicable_to=>{:data=>[], :total=>0, :object=>"list", :data_ref=>"data"}}, {:id=>"camp_OtOFs5iNDxSaYVQdYkMwHJa6", :object=>"campaign", :created_at=>2024-07-23 12:38:27.102 UTC, :result=>{:loyalty_card=>{:points=>0, :balance=>1000}}, :order=>{:amount=>20000, :total_amount=>20000, :metadata=>{}, :customer_id=>nil, :referrer_id=>nil, :object=>"order"}, :applicable_to=>{:data=>[], :total=>0, :object=>"list", :data_ref=>"data"}, :inapplicable_to=>{:data=>[], :total=>0, :object=>"list", :data_ref=>"data"}}, {:id=>"camp_GSGwQzZRS30iB0c4MdYBnqHM", :object=>"campaign", :created_at=>2024-07-23 12:38:26.879 UTC, :result=>{:discount=>{:type=>"AMOUNT", :amount_off=>1000.0, :effect=>"APPLY_TO_ITEMS", :is_dynamic=>false}}, :order=>{:amount=>20000, :total_amount=>20000, :metadata=>{}, :customer_id=>nil, :referrer_id=>nil, :object=>"order"}, :applicable_to=>{:data=>[{:object=>"product", :id=>"prod_0f19a24b25c35fbf34", :strict=>false, :effect=>"APPLY_TO_EVERY"}], :total=>1, :object=>"list", :data_ref=>"data"}, :inapplicable_to=>{:data=>[], :total=>0, :object=>"list", :data_ref=>"data"}}, {:id=>"camp_dQb9Fw3f9MfLuwLXXDMBQVq2", :object=>"campaign", :created_at=>2024-07-23 12:37:14.19 UTC, :result=>{:loyalty_card=>{:points=>0, :balance=>1000}}, :order=>{:amount=>20000, :total_amount=>20000, :metadata=>{}, :customer_id=>nil, :referrer_id=>nil, :object=>"order"}, :applicable_to=>{:data=>[], :total=>0, :object=>"list", :data_ref=>"data"}, :inapplicable_to=>{:data=>[], :total=>0, :object=>"list", :data_ref=>"data"}}, {:id=>"camp_jOdukzqGy2IRU0Ybr8PY0BoC", :object=>"campaign", :created_at=>2024-07-23 12:37:13.891 UTC, :result=>{:discount=>{:type=>"AMOUNT", :amount_off=>1000.0, :effect=>"APPLY_TO_ITEMS", :is_dynamic=>false}}, :order=>{:amount=>20000, :total_amount=>20000, :metadata=>{}, :customer_id=>nil, :referrer_id=>nil, :object=>"order"}, :applicable_to=>{:data=>[{:object=>"product", :id=>"prod_0f19a203a0156bb7d1", :strict=>false, :effect=>"APPLY_TO_EVERY"}], :total=>1, :object=>"list", :data_ref=>"data"}, :inapplicable_to=>{:data=>[], :total=>0, :object=>"list", :data_ref=>"data"}}, {:id=>"camp_witOq50iE3VR2Kzr17uAhhvP", :object=>"campaign", :created_at=>2024-07-23 12:36:28.357 UTC, :result=>{:loyalty_card=>{:points=>0, :balance=>1000}}, :order=>{:amount=>20000, :total_amount=>20000, :metadata=>{}, :customer_id=>nil, :referrer_id=>nil, :object=>"order"}, :applicable_to=>{:data=>[], :total=>0, :object=>"list", :data_ref=>"data"}, :inapplicable_to=>{:data=>[], :total=>0, :object=>"list", :data_ref=>"data"}}, {:id=>"camp_33Ahq7DJ2gy3lGpIso27VFiO", :object=>"campaign", :created_at=>2024-07-23 12:36:27.571 UTC, :result=>{:discount=>{:type=>"AMOUNT", :amount_off=>1000.0, :effect=>"APPLY_TO_ITEMS", :is_dynamic=>false}}, :order=>{:amount=>20000, :total_amount=>20000, :metadata=>{}, :customer_id=>nil, :referrer_id=>nil, :object=>"order"}, :applicable_to=>{:data=>[{:object=>"product", :id=>"prod_0f19a1d07b835fb46b", :strict=>false, :effect=>"APPLY_TO_EVERY"}], :total=>1, :object=>"list", :data_ref=>"data"}, :inapplicable_to=>{:data=>[], :total=>0, :object=>"list", :data_ref=>"data"}}, {:id=>"camp_JarcCf1IhYfbkWfAhxE3rAu7", :object=>"campaign", :created_at=>2024-07-23 12:33:21.718 UTC, :result=>{:loyalty_card=>{:points=>0, :balance=>1000}}, :order=>{:amount=>20000, :total_amount=>20000, :metadata=>{}, :customer_id=>nil, :referrer_id=>nil, :object=>"order"}, :applicable_to=>{:data=>[], :total=>0, :object=>"list", :data_ref=>"data"}, :inapplicable_to=>{:data=>[], :total=>0, :object=>"list", :data_ref=>"data"}}, {:id=>"camp_y8zO25k2W1AWPagCSLEk1DJA", :object=>"campaign", :created_at=>2024-07-23 12:33:21.537 UTC, :result=>{:discount=>{:type=>"AMOUNT", :amount_off=>1000.0, :effect=>"APPLY_TO_ITEMS", :is_dynamic=>false}}, :order=>{:amount=>20000, :total_amount=>20000, :metadata=>{}, :customer_id=>nil, :referrer_id=>nil, :object=>"order"}, :applicable_to=>{:data=>[{:object=>"product", :id=>"prod_0f19a122698805eb4a", :strict=>false, :effect=>"APPLY_TO_EVERY"}], :total=>1, :object=>"list", :data_ref=>"data"}, :inapplicable_to=>{:data=>[], :total=>0, :object=>"list", :data_ref=>"data"}}, {:id=>"camp_2Af7r98S0W6mykAeEejFJsQQ", :object=>"campaign", :created_at=>2024-07-23 12:31:49.641 UTC, :result=>{:loyalty_card=>{:points=>0, :balance=>1000}}, :order=>{:amount=>20000, :total_amount=>20000, :metadata=>{}, :customer_id=>nil, :referrer_id=>nil, :object=>"order"}, :applicable_to=>{:data=>[], :total=>0, :object=>"list", :data_ref=>"data"}, :inapplicable_to=>{:data=>[], :total=>0, :object=>"list", :data_ref=>"data"}}, {:id=>"camp_E7JyXOr1GkFIT44ayiZadwbw", :object=>"campaign", :created_at=>2024-07-23 12:31:49.374 UTC, :result=>{:discount=>{:type=>"AMOUNT", :amount_off=>1000.0, :effect=>"APPLY_TO_ITEMS", :is_dynamic=>false}}, :order=>{:amount=>20000, :total_amount=>20000, :metadata=>{}, :customer_id=>nil, :referrer_id=>nil, :object=>"order"}, :applicable_to=>{:data=>[{:object=>"product", :id=>"prod_0f19a0c58e8805e26c", :strict=>false, :effect=>"APPLY_TO_EVERY"}], :total=>1, :object=>"list", :data_ref=>"data"}, :inapplicable_to=>{:data=>[], :total=>0, :object=>"list", :data_ref=>"data"}}, {:id=>"camp_FQycWNFqQaFfDZeHMDN079sb", :object=>"campaign", :created_at=>2024-07-23 12:27:31.188 UTC, :result=>{:loyalty_card=>{:points=>0, :balance=>1000}}, :order=>{:amount=>20000, :total_amount=>20000, :metadata=>{}, :customer_id=>nil, :referrer_id=>nil, :object=>"order"}, :applicable_to=>{:data=>[], :total=>0, :object=>"list", :data_ref=>"data"}, :inapplicable_to=>{:data=>[], :total=>0, :object=>"list", :data_ref=>"data"}}, {:id=>"camp_uSJps7KZmGQW7P5VlaDzF6ix", :object=>"campaign", :created_at=>2024-07-23 12:27:30.899 UTC, :result=>{:discount=>{:type=>"AMOUNT", :amount_off=>1000.0, :effect=>"APPLY_TO_ITEMS", :is_dynamic=>false}}, :order=>{:amount=>20000, :total_amount=>20000, :metadata=>{}, :customer_id=>nil, :referrer_id=>nil, :object=>"order"}, :applicable_to=>{:data=>[{:object=>"product", :id=>"prod_0f199fc98fd56b837c", :strict=>false, :effect=>"APPLY_TO_EVERY"}], :total=>1, :object=>"list", :data_ref=>"data"}, :inapplicable_to=>{:data=>[], :total=>0, :object=>"list", :data_ref=>"data"}}, {:id=>"camp_JEKaF4Rr4O39zBMPpFphI2DU", :object=>"campaign", :created_at=>2024-07-23 11:55:00.977 UTC, :result=>{:loyalty_card=>{:points=>0, :balance=>1000}}, :order=>{:amount=>20000, :total_amount=>20000, :metadata=>{}, :customer_id=>nil, :referrer_id=>nil, :object=>"order"}, :applicable_to=>{:data=>[], :total=>0, :object=>"list", :data_ref=>"data"}, :inapplicable_to=>{:data=>[], :total=>0, :object=>"list", :data_ref=>"data"}}, {:id=>"camp_JNj8t1zZ0IyOf6GS7Jwkvpts", :object=>"campaign", :created_at=>2024-07-23 11:55:00.791 UTC, :result=>{:discount=>{:type=>"AMOUNT", :amount_off=>1000.0, :effect=>"APPLY_TO_ITEMS", :is_dynamic=>false}}, :order=>{:amount=>20000, :total_amount=>20000, :metadata=>{}, :customer_id=>nil, :referrer_id=>nil, :object=>"order"}, :applicable_to=>{:data=>[{:object=>"product", :id=>"prod_0f19985bb5835fcf77", :strict=>false, :effect=>"APPLY_TO_EVERY"}], :total=>1, :object=>"list", :data_ref=>"data"}, :inapplicable_to=>{:data=>[], :total=>0, :object=>"list", :data_ref=>"data"}}, {:id=>"camp_GLLIYD2lOJCOesNPDiwSbq7V", :object=>"campaign", :created_at=>2024-07-23 11:54:23.577 UTC, :result=>{:loyalty_card=>{:points=>0, :balance=>1000}}, :order=>{:amount=>20000, :total_amount=>20000, :metadata=>{}, :customer_id=>nil, :referrer_id=>nil, :object=>"order"}, :applicable_to=>{:data=>[], :total=>0, :object=>"list", :data_ref=>"data"}, :inapplicable_to=>{:data=>[], :total=>0, :object=>"list", :data_ref=>"data"}}, {:id=>"camp_jlxKeZlctXeDp9zWZq6J3TdJ", :object=>"campaign", :created_at=>2024-07-23 11:54:23.334 UTC, :result=>{:discount=>{:type=>"AMOUNT", :amount_off=>1000.0, :effect=>"APPLY_TO_ITEMS", :is_dynamic=>false}}, :order=>{:amount=>20000, :total_amount=>20000, :metadata=>{}, :customer_id=>nil, :referrer_id=>nil, :object=>"order"}, :applicable_to=>{:data=>[{:object=>"product", :id=>"prod_0f19983748835fcba2", :strict=>false, :effect=>"APPLY_TO_EVERY"}], :total=>1, :object=>"list", :data_ref=>"data"}, :inapplicable_to=>{:data=>[], :total=>0, :object=>"list", :data_ref=>"data"}}, {:id=>"camp_Mkk7dkGv6V7l0NKDYMltEv31", :object=>"campaign", :created_at=>2024-07-23 11:51:19.192 UTC, :result=>{:loyalty_card=>{:points=>0, :balance=>1000}}, :order=>{:amount=>20000, :total_amount=>20000, :metadata=>{}, :customer_id=>nil, :referrer_id=>nil, :object=>"order"}, :applicable_to=>{:data=>[], :total=>0, :object=>"list", :data_ref=>"data"}, :inapplicable_to=>{:data=>[], :total=>0, :object=>"list", :data_ref=>"data"}}, {:id=>"camp_2IY4iAM2NM3wNUS2TtZHFVMb", :object=>"campaign", :created_at=>2024-07-23 11:51:18.977 UTC, :result=>{:discount=>{:type=>"AMOUNT", :amount_off=>1000.0, :effect=>"APPLY_TO_ITEMS", :is_dynamic=>false}}, :order=>{:amount=>20000, :total_amount=>20000, :metadata=>{}, :customer_id=>nil, :referrer_id=>nil, :object=>"order"}, :applicable_to=>{:data=>[{:object=>"product", :id=>"prod_0f199782d7956bbe46", :strict=>false, :effect=>"APPLY_TO_EVERY"}], :total=>1, :object=>"list", :data_ref=>"data"}, :inapplicable_to=>{:data=>[], :total=>0, :object=>"list", :data_ref=>"data"}}, {:id=>"camp_D72TLh04JUOFSY7r2tFAXIqh", :object=>"campaign", :created_at=>2024-07-23 11:46:20.181 UTC, :result=>{:loyalty_card=>{:points=>0, :balance=>1000}}, :order=>{:amount=>20000, :total_amount=>20000, :metadata=>{}, :customer_id=>nil, :referrer_id=>nil, :object=>"order"}, :applicable_to=>{:data=>[], :total=>0, :object=>"list", :data_ref=>"data"}, :inapplicable_to=>{:data=>[], :total=>0, :object=>"list", :data_ref=>"data"}}, {:id=>"camp_xlB8GvuoWByO4BmSCqx8CCMa", :object=>"campaign", :created_at=>2024-07-23 11:46:20.005 UTC, :result=>{:discount=>{:type=>"AMOUNT", :amount_off=>1000.0, :effect=>"APPLY_TO_ITEMS", :is_dynamic=>false}}, :order=>{:amount=>20000, :total_amount=>20000, :metadata=>{}, :customer_id=>nil, :referrer_id=>nil, :object=>"order"}, :applicable_to=>{:data=>[{:object=>"product", :id=>"prod_0f19965ecf435f9a23", :strict=>false, :effect=>"APPLY_TO_EVERY"}], :total=>1, :object=>"list", :data_ref=>"data"}, :inapplicable_to=>{:data=>[], :total=>0, :object=>"list", :data_ref=>"data"}}, {:id=>"camp_pSkcSNos4zJ0Bsb7Ob586uR9", :object=>"campaign", :created_at=>2024-07-23 11:45:11.059 UTC, :result=>{:loyalty_card=>{:points=>0, :balance=>1000}}, :order=>{:amount=>20000, :total_amount=>20000, :metadata=>{}, :customer_id=>nil, :referrer_id=>nil, :object=>"order"}, :applicable_to=>{:data=>[], :total=>0, :object=>"list", :data_ref=>"data"}, :inapplicable_to=>{:data=>[], :total=>0, :object=>"list", :data_ref=>"data"}}, {:id=>"camp_FeCf0L4TC2X5aO94j6JYz97z", :object=>"campaign", :created_at=>2024-07-23 11:45:10.89 UTC, :result=>{:discount=>{:type=>"AMOUNT", :amount_off=>1000.0, :effect=>"APPLY_TO_ITEMS", :is_dynamic=>false}}, :order=>{:amount=>20000, :total_amount=>20000, :metadata=>{}, :customer_id=>nil, :referrer_id=>nil, :object=>"order"}, :applicable_to=>{:data=>[{:object=>"product", :id=>"prod_0f19961bbc556b9cc0", :strict=>false, :effect=>"APPLY_TO_EVERY"}], :total=>1, :object=>"list", :data_ref=>"data"}, :inapplicable_to=>{:data=>[], :total=>0, :object=>"list", :data_ref=>"data"}}, {:id=>"camp_5IzOyt3MYIWzpl0mNmtJSKJ1", :object=>"campaign", :created_at=>2024-07-23 11:44:06.114 UTC, :result=>{:loyalty_card=>{:points=>0, :balance=>1000}}, :order=>{:amount=>20000, :total_amount=>20000, :metadata=>{}, :customer_id=>nil, :referrer_id=>nil, :object=>"order"}, :applicable_to=>{:data=>[], :total=>0, :object=>"list", :data_ref=>"data"}, :inapplicable_to=>{:data=>[], :total=>0, :object=>"list", :data_ref=>"data"}}, {:id=>"camp_zqYy3LVxjHHTvIHAZK4Vp4tw", :object=>"campaign", :created_at=>2024-07-23 11:44:05.896 UTC, :result=>{:discount=>{:type=>"AMOUNT", :amount_off=>1000.0, :effect=>"APPLY_TO_ITEMS", :is_dynamic=>false}}, :order=>{:amount=>20000, :total_amount=>20000, :metadata=>{}, :customer_id=>nil, :referrer_id=>nil, :object=>"order"}, :applicable_to=>{:data=>[{:object=>"product", :id=>"prod_0f1995dc3c956b9561", :strict=>false, :effect=>"APPLY_TO_EVERY"}], :total=>1, :object=>"list", :data_ref=>"data"}, :inapplicable_to=>{:data=>[], :total=>0, :object=>"list", :data_ref=>"data"}}, {:id=>"camp_yRrwSTKmUS2iF7QVKMkLnR1r", :object=>"campaign", :created_at=>2024-07-23 11:43:37.991 UTC, :result=>{:loyalty_card=>{:points=>0, :balance=>1000}}, :order=>{:amount=>20000, :total_amount=>20000, :metadata=>{}, :customer_id=>nil, :referrer_id=>nil, :object=>"order"}, :applicable_to=>{:data=>[], :total=>0, :object=>"list", :data_ref=>"data"}, :inapplicable_to=>{:data=>[], :total=>0, :object=>"list", :data_ref=>"data"}}, {:id=>"camp_2NVBSkflInt2YCP7cY4aAMa5", :object=>"campaign", :created_at=>2024-07-23 11:43:37.81 UTC, :result=>{:discount=>{:type=>"AMOUNT", :amount_off=>1000.0, :effect=>"APPLY_TO_ITEMS", :is_dynamic=>false}}, :order=>{:amount=>20000, :total_amount=>20000, :metadata=>{}, :customer_id=>nil, :referrer_id=>nil, :object=>"order"}, :applicable_to=>{:data=>[{:object=>"product", :id=>"prod_0f1995c0b5156b928b", :strict=>false, :effect=>"APPLY_TO_EVERY"}], :total=>1, :object=>"list", :data_ref=>"data"}, :inapplicable_to=>{:data=>[], :total=>0, :object=>"list", :data_ref=>"data"}}, {:id=>"camp_eQtnFw20tUWKagDsI1pjRQUs", :object=>"campaign", :created_at=>2024-07-23 11:40:23.204 UTC, :result=>{:loyalty_card=>{:points=>0, :balance=>1000}}, :order=>{:amount=>20000, :total_amount=>20000, :metadata=>{}, :customer_id=>nil, :referrer_id=>nil, :object=>"order"}, :applicable_to=>{:data=>[], :total=>0, :object=>"list", :data_ref=>"data"}, :inapplicable_to=>{:data=>[], :total=>0, :object=>"list", :data_ref=>"data"}}, {:id=>"camp_3LhXkXT3HsAokyL7tAXI17tO", :object=>"campaign", :created_at=>2024-07-23 11:40:23.015 UTC, :result=>{:discount=>{:type=>"AMOUNT", :amount_off=>1000.0, :effect=>"APPLY_TO_ITEMS", :is_dynamic=>false}}, :order=>{:amount=>20000, :total_amount=>20000, :metadata=>{}, :customer_id=>nil, :referrer_id=>nil, :object=>"order"}, :applicable_to=>{:data=>[{:object=>"product", :id=>"prod_0f19950280d56b80d3", :strict=>false, :effect=>"APPLY_TO_EVERY"}], :total=>1, :object=>"list", :data_ref=>"data"}, :inapplicable_to=>{:data=>[], :total=>0, :object=>"list", :data_ref=>"data"}}, {:id=>"camp_SeKQrZCquQMjI8AsE7YVaq1y", :object=>"campaign", :created_at=>2024-07-23 11:39:38.2 UTC, :result=>{:loyalty_card=>{:points=>0, :balance=>1000}}, :order=>{:amount=>20000, :total_amount=>20000, :metadata=>{}, :customer_id=>nil, :referrer_id=>nil, :object=>"order"}, :applicable_to=>{:data=>[], :total=>0, :object=>"list", :data_ref=>"data"}, :inapplicable_to=>{:data=>[], :total=>0, :object=>"list", :data_ref=>"data"}}, {:id=>"camp_vzZKSv6zFiLRGwXXgL45muQj", :object=>"campaign", :created_at=>2024-07-23 11:39:38.003 UTC, :result=>{:discount=>{:type=>"AMOUNT", :amount_off=>1000.0, :effect=>"APPLY_TO_ITEMS", :is_dynamic=>false}}, :order=>{:amount=>20000, :total_amount=>20000, :metadata=>{}, :customer_id=>nil, :referrer_id=>nil, :object=>"order"}, :applicable_to=>{:data=>[{:object=>"product", :id=>"prod_0f1994d692556bfde0", :strict=>false, :effect=>"APPLY_TO_EVERY"}], :total=>1, :object=>"list", :data_ref=>"data"}, :inapplicable_to=>{:data=>[], :total=>0, :object=>"list", :data_ref=>"data"}}, {:id=>"camp_7NYIvvU2x2YEzo5UumhHC7D0", :object=>"campaign", :created_at=>2024-07-23 11:38:35.629 UTC, :result=>{:loyalty_card=>{:points=>0, :balance=>1000}}, :order=>{:amount=>20000, :total_amount=>20000, :metadata=>{}, :customer_id=>nil, :referrer_id=>nil, :object=>"order"}, :applicable_to=>{:data=>[], :total=>0, :object=>"list", :data_ref=>"data"}, :inapplicable_to=>{:data=>[], :total=>0, :object=>"list", :data_ref=>"data"}}, {:id=>"camp_gyRMd4G1tZel0RMchcAIE6o7", :object=>"campaign", :created_at=>2024-07-23 11:38:35.301 UTC, :result=>{:discount=>{:type=>"AMOUNT", :amount_off=>1000.0, :effect=>"APPLY_TO_ITEMS", :is_dynamic=>false}}, :order=>{:amount=>20000, :total_amount=>20000, :metadata=>{}, :customer_id=>nil, :referrer_id=>nil, :object=>"order"}, :applicable_to=>{:data=>[{:object=>"product", :id=>"prod_0f19949956d56bf81b", :strict=>false, :effect=>"APPLY_TO_EVERY"}], :total=>1, :object=>"list", :data_ref=>"data"}, :inapplicable_to=>{:data=>[], :total=>0, :object=>"list", :data_ref=>"data"}}, {:id=>"camp_soKGYw4Gw9rMlr5AZvA48urZ", :object=>"campaign", :created_at=>2024-07-23 11:37:45.573 UTC, :result=>{:loyalty_card=>{:points=>0, :balance=>1000}}, :order=>{:amount=>20000, :total_amount=>20000, :metadata=>{}, :customer_id=>nil, :referrer_id=>nil, :object=>"order"}, :applicable_to=>{:data=>[], :total=>0, :object=>"list", :data_ref=>"data"}, :inapplicable_to=>{:data=>[], :total=>0, :object=>"list", :data_ref=>"data"}}, {:id=>"camp_XFd7a9qkOVcg79TiSV0Nh492", :object=>"campaign", :created_at=>2024-07-23 11:37:45.208 UTC, :result=>{:discount=>{:type=>"AMOUNT", :amount_off=>1000.0, :effect=>"APPLY_TO_ITEMS", :is_dynamic=>false}}, :order=>{:amount=>20000, :total_amount=>20000, :metadata=>{}, :customer_id=>nil, :referrer_id=>nil, :object=>"order"}, :applicable_to=>{:data=>[{:object=>"product", :id=>"prod_0f19946876956bf373", :strict=>false, :effect=>"APPLY_TO_EVERY"}], :total=>1, :object=>"list", :data_ref=>"data"}, :inapplicable_to=>{:data=>[], :total=>0, :object=>"list", :data_ref=>"data"}}, {:id=>"camp_dE8YNXiGzMrLzv7LmuvhNnrd", :object=>"campaign", :created_at=>2024-07-23 11:37:16.912 UTC, :result=>{:loyalty_card=>{:points=>0, :balance=>1000}}, :order=>{:amount=>20000, :total_amount=>20000, :metadata=>{}, :customer_id=>nil, :referrer_id=>nil, :object=>"order"}, :applicable_to=>{:data=>[], :total=>0, :object=>"list", :data_ref=>"data"}, :inapplicable_to=>{:data=>[], :total=>0, :object=>"list", :data_ref=>"data"}}, {:id=>"camp_AawMEKs6AOVkAjvchxj2j10U", :object=>"campaign", :created_at=>2024-07-23 11:37:16.71 UTC, :result=>{:discount=>{:type=>"AMOUNT", :amount_off=>1000.0, :effect=>"APPLY_TO_ITEMS", :is_dynamic=>false}}, :order=>{:amount=>20000, :total_amount=>20000, :metadata=>{}, :customer_id=>nil, :referrer_id=>nil, :object=>"order"}, :applicable_to=>{:data=>[{:object=>"product", :id=>"prod_0f19944cba0805b540", :strict=>false, :effect=>"APPLY_TO_EVERY"}], :total=>1, :object=>"list", :data_ref=>"data"}, :inapplicable_to=>{:data=>[], :total=>0, :object=>"list", :data_ref=>"data"}}, {:id=>"camp_ZGFWKvu0c9Hc82IgcdPt7mFd", :object=>"campaign", :created_at=>2024-07-23 11:33:27.898 UTC, :result=>{:loyalty_card=>{:points=>0, :balance=>1000}}, :order=>{:amount=>20000, :total_amount=>20000, :metadata=>{}, :customer_id=>nil, :referrer_id=>nil, :object=>"order"}, :applicable_to=>{:data=>[], :total=>0, :object=>"list", :data_ref=>"data"}, :inapplicable_to=>{:data=>[], :total=>0, :object=>"list", :data_ref=>"data"}}, {:id=>"camp_FtQRf80lLtwvkHaZfYQwpwaN", :object=>"campaign", :created_at=>2024-07-23 11:33:27.718 UTC, :result=>{:discount=>{:type=>"AMOUNT", :amount_off=>1000.0, :effect=>"APPLY_TO_ITEMS", :is_dynamic=>false}}, :order=>{:amount=>20000, :total_amount=>20000, :metadata=>{}, :customer_id=>nil, :referrer_id=>nil, :object=>"order"}, :applicable_to=>{:data=>[{:object=>"product", :id=>"prod_0f19936d2cc805a282", :strict=>false, :effect=>"APPLY_TO_EVERY"}], :total=>1, :object=>"list", :data_ref=>"data"}, :inapplicable_to=>{:data=>[], :total=>0, :object=>"list", :data_ref=>"data"}}, {:id=>"camp_KwyLvhtrRyEDA63UGLl4gBAN", :object=>"campaign", :created_at=>2024-07-23 11:29:07.761 UTC, :result=>{:loyalty_card=>{:points=>0, :balance=>1000}}, :order=>{:amount=>20000, :total_amount=>20000, :metadata=>{}, :customer_id=>nil, :referrer_id=>nil, :object=>"order"}, :applicable_to=>{:data=>[], :total=>0, :object=>"list", :data_ref=>"data"}, :inapplicable_to=>{:data=>[], :total=>0, :object=>"list", :data_ref=>"data"}}, {:id=>"camp_Z04kjsy0vJkg8Ckysau5Msvo", :object=>"campaign", :created_at=>2024-07-23 11:29:07.116 UTC, :result=>{:discount=>{:type=>"AMOUNT", :amount_off=>1000.0, :effect=>"APPLY_TO_ITEMS", :is_dynamic=>false}}, :order=>{:amount=>20000, :total_amount=>20000, :metadata=>{}, :customer_id=>nil, :referrer_id=>nil, :object=>"order"}, :applicable_to=>{:data=>[{:object=>"product", :id=>"prod_0f1992692248058ca1", :strict=>false, :effect=>"APPLY_TO_EVERY"}], :total=>1, :object=>"list", :data_ref=>"data"}, :inapplicable_to=>{:data=>[], :total=>0, :object=>"list", :data_ref=>"data"}}, {:id=>"camp_VB8KV0yz9AZ9weZBt6s2160o", :object=>"campaign", :created_at=>2024-07-23 11:28:15.775 UTC, :result=>{:loyalty_card=>{:points=>0, :balance=>1000}}, :order=>{:amount=>20000, :total_amount=>20000, :metadata=>{}, :customer_id=>nil, :referrer_id=>nil, :object=>"order"}, :applicable_to=>{:data=>[], :total=>0, :object=>"list", :data_ref=>"data"}, :inapplicable_to=>{:data=>[], :total=>0, :object=>"list", :data_ref=>"data"}}, {:id=>"camp_snVX23YwKp5MfzN5B05PKtNX", :object=>"campaign", :created_at=>2024-07-23 11:28:15.603 UTC, :result=>{:discount=>{:type=>"AMOUNT", :amount_off=>1000.0, :effect=>"APPLY_TO_ITEMS", :is_dynamic=>false}}, :order=>{:amount=>20000, :total_amount=>20000, :metadata=>{}, :customer_id=>nil, :referrer_id=>nil, :object=>"order"}, :applicable_to=>{:data=>[{:object=>"product", :id=>"prod_0f19923c5248058747", :strict=>false, :effect=>"APPLY_TO_EVERY"}], :total=>1, :object=>"list", :data_ref=>"data"}, :inapplicable_to=>{:data=>[], :total=>0, :object=>"list", :data_ref=>"data"}}, {:id=>"camp_rWAf0ctgYgrRtJ5uZfD73qxJ", :object=>"campaign", :created_at=>2024-07-23 11:28:01.147 UTC, :result=>{:loyalty_card=>{:points=>0, :balance=>1000}}, :order=>{:amount=>20000, :total_amount=>20000, :metadata=>{}, :customer_id=>nil, :referrer_id=>nil, :object=>"order"}, :applicable_to=>{:data=>[], :total=>0, :object=>"list", :data_ref=>"data"}, :inapplicable_to=>{:data=>[], :total=>0, :object=>"list", :data_ref=>"data"}}, {:id=>"camp_gF6YqDiKXrBmpBVezdDAF2lN", :object=>"campaign", :created_at=>2024-07-23 11:28:00.924 UTC, :result=>{:discount=>{:type=>"AMOUNT", :amount_off=>1000.0, :effect=>"APPLY_TO_ITEMS", :is_dynamic=>false}}, :order=>{:amount=>20000, :total_amount=>20000, :metadata=>{}, :customer_id=>nil, :referrer_id=>nil, :object=>"order"}, :applicable_to=>{:data=>[{:object=>"product", :id=>"prod_0f19922dd8080585d8", :strict=>false, :effect=>"APPLY_TO_EVERY"}], :total=>1, :object=>"list", :data_ref=>"data"}, :inapplicable_to=>{:data=>[], :total=>0, :object=>"list", :data_ref=>"data"}}, {:id=>"camp_F64wJms9f0kWJCdmDFqj335d", :object=>"campaign", :created_at=>2024-07-23 11:27:21.342 UTC, :result=>{:loyalty_card=>{:points=>0, :balance=>1000}}, :order=>{:amount=>20000, :total_amount=>20000, :metadata=>{}, :customer_id=>nil, :referrer_id=>nil, :object=>"order"}, :applicable_to=>{:data=>[], :total=>0, :object=>"list", :data_ref=>"data"}, :inapplicable_to=>{:data=>[], :total=>0, :object=>"list", :data_ref=>"data"}}, {:id=>"camp_bAolIDdJ5ns1qlcJRDvXUDrk", :object=>"campaign", :created_at=>2024-07-23 11:27:21.156 UTC, :result=>{:discount=>{:type=>"AMOUNT", :amount_off=>1000.0, :effect=>"APPLY_TO_ITEMS", :is_dynamic=>false}}, :order=>{:amount=>20000, :total_amount=>20000, :metadata=>{}, :customer_id=>nil, :referrer_id=>nil, :object=>"order"}, :applicable_to=>{:data=>[{:object=>"product", :id=>"prod_0f1992072bd56bbd6c", :strict=>false, :effect=>"APPLY_TO_EVERY"}], :total=>1, :object=>"list", :data_ref=>"data"}, :inapplicable_to=>{:data=>[], :total=>0, :object=>"list", :data_ref=>"data"}}, {:id=>"camp_kAqMA51U5lKfOUdq6dFsgapV", :object=>"campaign", :created_at=>2024-07-23 11:25:51.909 UTC, :result=>{:loyalty_card=>{:points=>0, :balance=>1000}}, :order=>{:amount=>20000, :total_amount=>20000, :metadata=>{}, :customer_id=>nil, :referrer_id=>nil, :object=>"order"}, :applicable_to=>{:data=>[], :total=>0, :object=>"list", :data_ref=>"data"}, :inapplicable_to=>{:data=>[], :total=>0, :object=>"list", :data_ref=>"data"}}, {:id=>"camp_CHhNuNLTwEuUn3Y61LiJaChi", :object=>"campaign", :created_at=>2024-07-23 11:25:51.309 UTC, :result=>{:discount=>{:type=>"AMOUNT", :amount_off=>1000.0, :effect=>"APPLY_TO_ITEMS", :is_dynamic=>false}}, :order=>{:amount=>20000, :total_amount=>20000, :metadata=>{}, :customer_id=>nil, :referrer_id=>nil, :object=>"order"}, :applicable_to=>{:data=>[{:object=>"product", :id=>"prod_0f1991ae9b4805f899", :strict=>false, :effect=>"APPLY_TO_EVERY"}], :total=>1, :object=>"list", :data_ref=>"data"}, :inapplicable_to=>{:data=>[], :total=>0, :object=>"list", :data_ref=>"data"}}], :total=>50, :has_more=>true, :more_starting_after=>2024-07-23 11:25:51.309 UTC}, :tracking_id=>"track_9NWgYp0PfmdYNb0toL3Vmw==", :order=>{:amount=>20000, :metadata=>{}, :customer_id=>nil, :referrer_id=>nil, :object=>"order"}, :stacking_rules=>{:redeemables_limit=>30, :applicable_redeemables_limit=>5, :applicable_redeemables_per_category_limit=>1, :applicable_exclusive_redeemables_limit=>1, :applicable_exclusive_redeemables_per_category_limit=>1, :exclusive_categories=>[], :joint_categories=>[], :redeemables_application_mode=>"ALL", :redeemables_sorting_rule=>"REQUESTED_ORDER"}}