{:valid=>false, :redeemables=>[{:status=>"INAPPLICABLE", :id=>"hSEgO8s3", :object=>"voucher", :result=>{:error=>{:code=>400, :key=>"order_rules_violated", :message=>"order does not match validation rules", :details=>"Discount Coupon cannot be redeemed because of violated validation rules: val_hFXsCKrRra1r", :request_id=>"v-0f19b8b924829f9f2c"}, :details=>{:key=>"order_rules_violated", :message=>"order does not match validation rules"}}, :metadata=>{}}], :inapplicable_redeemables=>[{:status=>"INAPPLICABLE", :id=>"hSEgO8s3", :object=>"voucher", :result=>{:error=>{:code=>400, :key=>"order_rules_violated", :message=>"order does not match validation rules", :details=>"Discount Coupon cannot be redeemed because of violated validation rules: val_hFXsCKrRra1r", :request_id=>"v-0f19b8b924829f9f2c"}, :details=>{:message=>"order does not match validation rules", :key=>"order_rules_violated"}}, :metadata=>{}}], :tracking_id=>"track_zenNrTA+7PuHSEodU6NVow==", :stacking_rules=>{:redeemables_limit=>30, :applicable_redeemables_limit=>5, :applicable_redeemables_per_category_limit=>1, :applicable_exclusive_redeemables_limit=>1, :applicable_exclusive_redeemables_per_category_limit=>1, :exclusive_categories=>[], :joint_categories=>[], :redeemables_application_mode=>"ALL", :redeemables_sorting_rule=>"REQUESTED_ORDER"}}