{:valid=>false, :redeemables=>[{:status=>"APPLICABLE", :id=>"qVDukqRu", :object=>"voucher", :order=>{:amount=>20000, :items_discount_amount=>1000, :total_discount_amount=>1000, :total_amount=>19000, :items_applied_discount_amount=>1000, :total_applied_discount_amount=>1000, :items=>[{:product_id=>"prod_0f19b8b486435f9f32", :related_object=>"product", :quantity=>1, :discount_quantity=>1, :amount=>20000, :discount_amount=>1000, :applied_discount_amount=>1000, :price=>20000, :subtotal_amount=>19000, :product=>{:id=>"prod_0f19b8b486435f9f32"}, :object=>"order_item"}], :metadata=>{}, :customer_id=>"cust_Rrw2RHWQKarMga83XFPlivH1", :referrer_id=>nil, :object=>"order", :customer=>{:id=>"cust_Rrw2RHWQKarMga83XFPlivH1", :object=>"customer"}}, :applicable_to=>{:data=>[{:object=>"product", :id=>"prod_0f19b8b486435f9f32", :strict=>false, :effect=>"APPLY_TO_EVERY", :order_item_indices=>[0]}], :total=>1, :object=>"list", :data_ref=>"data"}, :inapplicable_to=>{:data=>[], :total=>0, :object=>"list", :data_ref=>"data"}, :result=>{:discount=>{:type=>"AMOUNT", :amount_off=>1000.0, :effect=>"APPLY_TO_ITEMS", :is_dynamic=>false}}, :metadata=>{}}, {:status=>"INAPPLICABLE", :id=>"qVDukqRu-4lKpD2", :object=>"voucher", :result=>{:error=>{:code=>404, :key=>"not_found", :message=>"Resource not found", :details=>"Cannot find voucher with id qVDukqRu-4lKpD2", :request_id=>"v-0f19b8b9a8d61de319"}, :details=>{:key=>"not_found", :message=>"Resource not found"}}}, {:status=>"SKIPPED", :id=>"qVDukqRu-KttyNG", :object=>"voucher", :result=>{:details=>{:key=>"preceding_validation_failed", :message=>"Redeemable cannot be applied due to preceding validation failure"}}}, {:status=>"SKIPPED", :id=>"qVDukqRu-NpqZTr", :object=>"voucher", :result=>{:details=>{:key=>"preceding_validation_failed", :message=>"Redeemable cannot be applied due to preceding validation failure"}}}, {:status=>"SKIPPED", :id=>"qVDukqRu-uOWHKH", :object=>"voucher", :result=>{:details=>{:key=>"preceding_validation_failed", :message=>"Redeemable cannot be applied due to preceding validation failure"}}}], :skipped_redeemables=>[{:status=>"SKIPPED", :id=>"qVDukqRu-d5XkBf", :object=>"voucher", :result=>{:details=>{:key=>"applicable_redeemables_limit_exceeded", :message=>"Applicable redeemables limit exceeded"}}}, {:status=>"SKIPPED", :id=>"qVDukqRu-qNa2O0", :object=>"voucher", :result=>{:details=>{:key=>"applicable_redeemables_limit_exceeded", :message=>"Applicable redeemables limit exceeded"}}}, {:status=>"SKIPPED", :id=>"qVDukqRu-H0Z2CF", :object=>"voucher", :result=>{:details=>{:key=>"applicable_redeemables_limit_exceeded", :message=>"Applicable redeemables limit exceeded"}}}, {:status=>"SKIPPED", :id=>"qVDukqRu-ASEYLB", :object=>"voucher", :result=>{:details=>{:key=>"applicable_redeemables_limit_exceeded", :message=>"Applicable redeemables limit exceeded"}}}, {:status=>"SKIPPED", :id=>"qVDukqRu-fCMxx5", :object=>"voucher", :result=>{:details=>{:key=>"applicable_redeemables_limit_exceeded", :message=>"Applicable redeemables limit exceeded"}}}, {:status=>"SKIPPED", :id=>"qVDukqRu-8jHaHy", :object=>"voucher", :result=>{:details=>{:key=>"applicable_redeemables_limit_exceeded", :message=>"Applicable redeemables limit exceeded"}}}, {:status=>"SKIPPED", :id=>"qVDukqRu-BRoWel", :object=>"voucher", :result=>{:details=>{:key=>"applicable_redeemables_limit_exceeded", :message=>"Applicable redeemables limit exceeded"}}}, {:status=>"SKIPPED", :id=>"qVDukqRu-7qpr6G", :object=>"voucher", :result=>{:details=>{:key=>"applicable_redeemables_limit_exceeded", :message=>"Applicable redeemables limit exceeded"}}}, {:status=>"SKIPPED", :id=>"qVDukqRu-Cigsq6", :object=>"voucher", :result=>{:details=>{:key=>"applicable_redeemables_limit_exceeded", :message=>"Applicable redeemables limit exceeded"}}}, {:status=>"SKIPPED", :id=>"qVDukqRu-4yHJ5F", :object=>"voucher", :result=>{:details=>{:key=>"applicable_redeemables_limit_exceeded", :message=>"Applicable redeemables limit exceeded"}}}, {:status=>"SKIPPED", :id=>"qVDukqRu-opQ8x6", :object=>"voucher", :result=>{:details=>{:key=>"applicable_redeemables_limit_exceeded", :message=>"Applicable redeemables limit exceeded"}}}, {:status=>"SKIPPED", :id=>"qVDukqRu-vZzVMs", :object=>"voucher", :result=>{:details=>{:key=>"applicable_redeemables_limit_exceeded", :message=>"Applicable redeemables limit exceeded"}}}, {:status=>"SKIPPED", :id=>"qVDukqRu-aTjYMS", :object=>"voucher", :result=>{:details=>{:key=>"applicable_redeemables_limit_exceeded", :message=>"Applicable redeemables limit exceeded"}}}, {:status=>"SKIPPED", :id=>"qVDukqRu-bg6bsD", :object=>"voucher", :result=>{:details=>{:key=>"applicable_redeemables_limit_exceeded", :message=>"Applicable redeemables limit exceeded"}}}, {:status=>"SKIPPED", :id=>"qVDukqRu-leGd64", :object=>"voucher", :result=>{:details=>{:key=>"applicable_redeemables_limit_exceeded", :message=>"Applicable redeemables limit exceeded"}}}, {:status=>"SKIPPED", :id=>"qVDukqRu-TRL8sj", :object=>"voucher", :result=>{:details=>{:key=>"applicable_redeemables_limit_exceeded", :message=>"Applicable redeemables limit exceeded"}}}, {:status=>"SKIPPED", :id=>"qVDukqRu-Pzm1kc", :object=>"voucher", :result=>{:details=>{:key=>"applicable_redeemables_limit_exceeded", :message=>"Applicable redeemables limit exceeded"}}}, {:status=>"SKIPPED", :id=>"qVDukqRu-YqSEIn", :object=>"voucher", :result=>{:details=>{:key=>"applicable_redeemables_limit_exceeded", :message=>"Applicable redeemables limit exceeded"}}}, {:status=>"SKIPPED", :id=>"qVDukqRu-p8b293", :object=>"voucher", :result=>{:details=>{:key=>"applicable_redeemables_limit_exceeded", :message=>"Applicable redeemables limit exceeded"}}}, {:status=>"SKIPPED", :id=>"qVDukqRu-jsojje", :object=>"voucher", :result=>{:details=>{:key=>"applicable_redeemables_limit_exceeded", :message=>"Applicable redeemables limit exceeded"}}}, {:status=>"SKIPPED", :id=>"qVDukqRu-1aHeHd", :object=>"voucher", :result=>{:details=>{:key=>"applicable_redeemables_limit_exceeded", :message=>"Applicable redeemables limit exceeded"}}}, {:status=>"SKIPPED", :id=>"qVDukqRu-77sfus", :object=>"voucher", :result=>{:details=>{:key=>"applicable_redeemables_limit_exceeded", :message=>"Applicable redeemables limit exceeded"}}}, {:status=>"SKIPPED", :id=>"qVDukqRu-FF0yti", :object=>"voucher", :result=>{:details=>{:key=>"applicable_redeemables_limit_exceeded", :message=>"Applicable redeemables limit exceeded"}}}, {:status=>"SKIPPED", :id=>"qVDukqRu-QSwr9t", :object=>"voucher", :result=>{:details=>{:key=>"applicable_redeemables_limit_exceeded", :message=>"Applicable redeemables limit exceeded"}}}, {:status=>"SKIPPED", :id=>"qVDukqRu-1qPcqZ", :object=>"voucher", :result=>{:details=>{:key=>"applicable_redeemables_limit_exceeded", :message=>"Applicable redeemables limit exceeded"}}}, {:status=>"SKIPPED", :id=>"qVDukqRu-KttyNG", :object=>"voucher", :result=>{:details=>{:key=>"preceding_validation_failed", :message=>"Redeemable cannot be applied due to preceding validation failure"}}}, {:status=>"SKIPPED", :id=>"qVDukqRu-NpqZTr", :object=>"voucher", :result=>{:details=>{:key=>"preceding_validation_failed", :message=>"Redeemable cannot be applied due to preceding validation failure"}}}, {:status=>"SKIPPED", :id=>"qVDukqRu-uOWHKH", :object=>"voucher", :result=>{:details=>{:key=>"preceding_validation_failed", :message=>"Redeemable cannot be applied due to preceding validation failure"}}}], :inapplicable_redeemables=>[{:status=>"INAPPLICABLE", :id=>"qVDukqRu-4lKpD2", :object=>"voucher", :result=>{:error=>{:code=>404, :key=>"not_found", :message=>"Resource not found", :details=>"Cannot find voucher with id qVDukqRu-4lKpD2", :request_id=>"v-0f19b8b9a8d61de319"}, :details=>{:message=>"Resource not found", :key=>"not_found"}}}], :tracking_id=>"track_zenNrTA+7PuHSEodU6NVow==", :stacking_rules=>{:redeemables_limit=>30, :applicable_redeemables_limit=>5, :applicable_redeemables_per_category_limit=>1, :applicable_exclusive_redeemables_limit=>1, :applicable_exclusive_redeemables_per_category_limit=>1, :exclusive_categories=>[], :joint_categories=>[], :redeemables_application_mode=>"ALL", :redeemables_sorting_rule=>"REQUESTED_ORDER"}}