{:amount=>10000, :total=>11000, :balance=>11000, :type=>"loyalty_card", :operation_type=>"MANUAL", :object=>"balance", :related_object=>{:type=>"voucher", :id=>"v_3UQGR5ZDM22LJgrqYmpIHC4hEEpqgc1G"}}